Inside first test
Inside first test
Inside first test
Inside first test

Inside second test
Inside second test
Inside second test
Inside second test
