In a for in a while!
In a for in a while!
In a for in a while!
In a for in a while!


In a while in a for!
In a while in a for!
In a while in a for!
In a while in a for!
